[2018-07-29 17:09:51,672: INFO/MainProcess] Connected to redis://localhost:6379//
[2018-07-29 17:09:51,687: INFO/MainProcess] mingle: searching for neighbors
[2018-07-29 17:09:52,711: INFO/MainProcess] mingle: all alone
[2018-07-29 17:09:52,721: INFO/MainProcess] celery@atlantis.team1.irsec ready.
[2018-07-29 17:09:52,844: INFO/MainProcess] Received task: app.jobs.mail_job.check_imap_team2[86fc5950-e6a9-4f95-856e-264d6c4a28a9]  
[2018-07-29 17:09:52,846: INFO/MainProcess] Received task: app.jobs.mail_job.check_imap_team1[aa0c534c-e847-4e87-8a23-00869bc2fc05]  
[2018-07-29 17:09:52,848: INFO/MainProcess] Received task: app.jobs.ssh_job.check_ssh_team1[40f918eb-14ab-425d-aa91-cf4eb77a7080]  
[2018-07-29 17:09:52,850: INFO/MainProcess] Received task: app.jobs.ping_job.check_ping_team1[609182b5-bddf-4bc5-9c91-084d54013552]  
[2018-07-29 17:09:52,852: INFO/MainProcess] Received task: app.jobs.ping_job.check_ping_team2[a9e42aea-9161-4a98-a5d8-e1f94af86157]  
[2018-07-29 17:09:52,853: INFO/MainProcess] Received task: app.jobs.dns_job.check_dns_team2[5be1e9ad-a6d6-4e11-8575-f3d7722a99a3]  
[2018-07-29 17:09:52,855: INFO/MainProcess] Received task: app.jobs.mail_job.check_smtp_team1[8d34d1b1-17af-40c6-b374-21f667acbed0]  
[2018-07-29 17:09:52,856: INFO/MainProcess] Received task: app.jobs.mail_job.check_smtp_team2[7308b0a6-b97f-4349-9bac-df3b8b7df4d9]  
[2018-07-29 17:09:52,858: INFO/MainProcess] Received task: app.jobs.dns_job.check_dns_team1[268585f7-0456-47a2-9f21-9b1d305ec56f]  
[2018-07-29 17:09:52,881: INFO/ForkPoolWorker-2] starting imap check for team2
[2018-07-29 17:09:52,883: INFO/ForkPoolWorker-1] starting imap check for team1
[2018-07-29 17:09:52,921: INFO/ForkPoolWorker-2] finished imap check for team2
[2018-07-29 17:09:52,929: INFO/ForkPoolWorker-2] Task app.jobs.mail_job.check_imap_team2[86fc5950-e6a9-4f95-856e-264d6c4a28a9] succeeded in 0.0816500309992989s: None
[2018-07-29 17:09:52,931: INFO/MainProcess] Received task: app.jobs.ssh_job.check_ssh_team2[29c7bcab-0b24-423a-bcfa-d4c9b955c7d4]  
[2018-07-29 17:09:52,937: INFO/ForkPoolWorker-2] starting ssh check for team 1
[2018-07-29 17:09:52,997: INFO/ForkPoolWorker-2] Connected (version 2.0, client OpenSSH_7.2p2)
[2018-07-29 17:09:53,023: INFO/ForkPoolWorker-1] finished imap check for team1
[2018-07-29 17:09:53,030: INFO/ForkPoolWorker-1] Task app.jobs.mail_job.check_imap_team1[aa0c534c-e847-4e87-8a23-00869bc2fc05] succeeded in 0.1729616669999814s: None
[2018-07-29 17:09:53,032: INFO/MainProcess] Received task: app.jobs.ssh_job.check_ssh_team2[898474db-3d3c-430f-8bcf-511e081edc09]  
[2018-07-29 17:09:53,033: INFO/ForkPoolWorker-1] checking ping for team 1
[2018-07-29 17:09:53,043: WARNING/ForkPoolWorker-2] /home/superadmin/.local/lib/python3.6/site-packages/paramiko/client.py:779: UserWarning: Unknown ssh-ed25519 host key for [10.120.1.13]:22: b'5b62a13672d587c37f93a88f96c1520b'
  key.get_name(), hostname, hexlify(key.get_fingerprint()),
[2018-07-29 17:09:53,058: INFO/ForkPoolWorker-1] finished checking ping for team 1
[2018-07-29 17:09:53,068: INFO/ForkPoolWorker-1] Task app.jobs.ping_job.check_ping_team1[609182b5-bddf-4bc5-9c91-084d54013552] succeeded in 0.03496061799887684s: None
[2018-07-29 17:09:53,069: INFO/MainProcess] Received task: app.jobs.dns_job.check_dns_team1[d1e3f39d-483a-4c10-9e49-32571f47dfaa]  
[2018-07-29 17:09:53,070: INFO/ForkPoolWorker-1] checking ping for team 2
[2018-07-29 17:09:53,089: INFO/ForkPoolWorker-1] finished checking ping for team 2
[2018-07-29 17:09:53,093: INFO/ForkPoolWorker-2] Authentication (password) successful!
[2018-07-29 17:09:53,100: INFO/ForkPoolWorker-1] Task app.jobs.ping_job.check_ping_team2[a9e42aea-9161-4a98-a5d8-e1f94af86157] succeeded in 0.03000659099961922s: None
[2018-07-29 17:09:53,104: INFO/MainProcess] Received task: app.jobs.mail_job.check_smtp_team2[db1f8952-d103-444a-ad57-1942fc0ab3b0]  
[2018-07-29 17:09:53,107: INFO/ForkPoolWorker-1] starting dns check for team2
[2018-07-29 17:09:53,111: INFO/ForkPoolWorker-1] finished dns check for team2
[2018-07-29 17:09:53,116: INFO/ForkPoolWorker-1] Task app.jobs.dns_job.check_dns_team2[5be1e9ad-a6d6-4e11-8575-f3d7722a99a3] succeeded in 0.012092813998606289s: None
[2018-07-29 17:09:53,118: INFO/MainProcess] Received task: app.jobs.mail_job.check_smtp_team1[5108c408-8bd5-41b5-bbdb-5a9b7d9eda0b]  
[2018-07-29 17:09:53,120: INFO/ForkPoolWorker-1] starting smtp check for team1
[2018-07-29 17:09:53,241: INFO/ForkPoolWorker-2] finished ssh check for team 1
[2018-07-29 17:09:53,249: INFO/ForkPoolWorker-2] Task app.jobs.ssh_job.check_ssh_team1[40f918eb-14ab-425d-aa91-cf4eb77a7080] succeeded in 0.3161946119998902s: None
[2018-07-29 17:09:53,251: INFO/MainProcess] Received task: app.jobs.dns_job.check_dns_team2[53b0862f-1107-4a9f-a4cf-b3fd9ce6a72e]  
[2018-07-29 17:09:53,253: INFO/ForkPoolWorker-1] finished smtp check for team1
[2018-07-29 17:09:53,254: INFO/ForkPoolWorker-2] starting smtp check for team2
[2018-07-29 17:09:53,259: INFO/ForkPoolWorker-1] Task app.jobs.mail_job.check_smtp_team1[8d34d1b1-17af-40c6-b374-21f667acbed0] succeeded in 0.1400932799988368s: None
[2018-07-29 17:09:53,260: INFO/MainProcess] Received task: app.jobs.ping_job.check_ping_team2[8fdbfec7-74cc-4dbc-b7ac-ea7809d09929]  
[2018-07-29 17:09:53,262: INFO/ForkPoolWorker-1] starting dns check for team1
[2018-07-29 17:09:53,264: INFO/ForkPoolWorker-1] finished dns check for team1
[2018-07-29 17:09:53,268: INFO/ForkPoolWorker-1] Task app.jobs.dns_job.check_dns_team1[268585f7-0456-47a2-9f21-9b1d305ec56f] succeeded in 0.008048239000345347s: None
[2018-07-29 17:09:53,270: INFO/MainProcess] Received task: app.jobs.ping_job.check_ping_team1[cd881931-dba3-4431-9b19-640fac42b73f]  
[2018-07-29 17:09:53,273: INFO/ForkPoolWorker-1] starting ssh check for team 2
[2018-07-29 17:09:53,300: INFO/ForkPoolWorker-2] finished smtp check for team2
[2018-07-29 17:09:53,306: INFO/ForkPoolWorker-2] Task app.jobs.mail_job.check_smtp_team2[7308b0a6-b97f-4349-9bac-df3b8b7df4d9] succeeded in 0.05435189799936779s: None
[2018-07-29 17:09:53,307: INFO/MainProcess] Received task: app.jobs.ssh_job.check_ssh_team1[9fbd4be2-d3d4-4539-9936-35d7f7e50202]  
[2018-07-29 17:09:53,312: INFO/ForkPoolWorker-2] starting ssh check for team 2
[2018-07-29 17:09:53,321: INFO/ForkPoolWorker-2] Connected (version 2.0, client OpenSSH_7.2p2)
[2018-07-29 17:09:53,331: INFO/ForkPoolWorker-1] Connected (version 2.0, client OpenSSH_7.2p2)
[2018-07-29 17:09:53,365: WARNING/ForkPoolWorker-2] /home/superadmin/.local/lib/python3.6/site-packages/paramiko/client.py:779: UserWarning: Unknown ssh-ed25519 host key for [10.120.2.13]:22: b'5b62a13672d587c37f93a88f96c1520b'
  key.get_name(), hostname, hexlify(key.get_fingerprint()),
[2018-07-29 17:09:53,374: WARNING/ForkPoolWorker-1] /home/superadmin/.local/lib/python3.6/site-packages/paramiko/client.py:779: UserWarning: Unknown ssh-ed25519 host key for [10.120.2.13]:22: b'5b62a13672d587c37f93a88f96c1520b'
  key.get_name(), hostname, hexlify(key.get_fingerprint()),
[2018-07-29 17:09:53,417: INFO/ForkPoolWorker-2] Authentication (password) successful!
[2018-07-29 17:09:53,427: INFO/ForkPoolWorker-1] Authentication (password) successful!
[2018-07-29 17:09:53,596: WARNING/ForkPoolWorker-2] superadmin
[2018-07-29 17:09:53,596: INFO/ForkPoolWorker-2] finished ssh check for team 2
[2018-07-29 17:09:53,602: INFO/ForkPoolWorker-2] Task app.jobs.ssh_job.check_ssh_team2[898474db-3d3c-430f-8bcf-511e081edc09] succeeded in 0.2930029369999829s: None
[2018-07-29 17:09:53,604: INFO/MainProcess] Received task: app.jobs.mail_job.check_imap_team1[28fdfd65-3cd4-4d9d-93d0-1f5567d44757]  
[2018-07-29 17:09:53,608: INFO/ForkPoolWorker-2] starting dns check for team1
[2018-07-29 17:09:53,613: INFO/ForkPoolWorker-2] finished dns check for team1
[2018-07-29 17:09:53,615: WARNING/ForkPoolWorker-1] superadmin
[2018-07-29 17:09:53,616: INFO/ForkPoolWorker-1] finished ssh check for team 2
[2018-07-29 17:09:53,622: INFO/ForkPoolWorker-2] Task app.jobs.dns_job.check_dns_team1[d1e3f39d-483a-4c10-9e49-32571f47dfaa] succeeded in 0.01671117600017169s: None
[2018-07-29 17:09:53,624: INFO/MainProcess] Received task: app.jobs.mail_job.check_imap_team2[70bfdd78-766d-4495-8bb0-1acd015414f2]  
[2018-07-29 17:09:53,629: INFO/ForkPoolWorker-1] Task app.jobs.ssh_job.check_ssh_team2[29c7bcab-0b24-423a-bcfa-d4c9b955c7d4] succeeded in 0.3587192420000065s: None
[2018-07-29 17:09:53,631: INFO/ForkPoolWorker-2] starting smtp check for team2
[2018-07-29 17:09:53,634: INFO/ForkPoolWorker-1] starting smtp check for team1
[2018-07-29 17:09:53,653: INFO/ForkPoolWorker-2] finished smtp check for team2
[2018-07-29 17:09:53,657: INFO/ForkPoolWorker-1] finished smtp check for team1
[2018-07-29 17:09:53,665: INFO/ForkPoolWorker-1] Task app.jobs.mail_job.check_smtp_team1[5108c408-8bd5-41b5-bbdb-5a9b7d9eda0b] succeeded in 0.03346342300028482s: None
[2018-07-29 17:09:53,670: INFO/ForkPoolWorker-2] Task app.jobs.mail_job.check_smtp_team2[db1f8952-d103-444a-ad57-1942fc0ab3b0] succeeded in 0.04513226100061729s: None
[2018-07-29 17:09:53,672: INFO/ForkPoolWorker-2] checking ping for team 2
[2018-07-29 17:09:53,673: INFO/ForkPoolWorker-1] starting dns check for team2
[2018-07-29 17:09:53,675: INFO/ForkPoolWorker-1] finished dns check for team2
[2018-07-29 17:09:53,681: INFO/ForkPoolWorker-1] Task app.jobs.dns_job.check_dns_team2[53b0862f-1107-4a9f-a4cf-b3fd9ce6a72e] succeeded in 0.013142737001544447s: None
[2018-07-29 17:09:53,682: INFO/ForkPoolWorker-1] checking ping for team 1
[2018-07-29 17:09:53,697: INFO/ForkPoolWorker-2] finished checking ping for team 2
[2018-07-29 17:09:53,706: INFO/ForkPoolWorker-1] finished checking ping for team 1
[2018-07-29 17:09:53,718: INFO/ForkPoolWorker-2] Task app.jobs.ping_job.check_ping_team2[8fdbfec7-74cc-4dbc-b7ac-ea7809d09929] succeeded in 0.04672888699860778s: None
[2018-07-29 17:09:53,728: INFO/ForkPoolWorker-2] starting ssh check for team 1
[2018-07-29 17:09:53,728: INFO/ForkPoolWorker-1] Task app.jobs.ping_job.check_ping_team1[cd881931-dba3-4431-9b19-640fac42b73f] succeeded in 0.046098369000901585s: None
[2018-07-29 17:09:53,734: INFO/ForkPoolWorker-1] starting imap check for team1
[2018-07-29 17:09:53,740: INFO/ForkPoolWorker-2] Connected (version 2.0, client OpenSSH_7.2p2)
[2018-07-29 17:09:53,757: INFO/ForkPoolWorker-1] finished imap check for team1
[2018-07-29 17:09:53,763: INFO/ForkPoolWorker-1] Task app.jobs.mail_job.check_imap_team1[28fdfd65-3cd4-4d9d-93d0-1f5567d44757] succeeded in 0.03284886599976744s: None
[2018-07-29 17:09:53,766: INFO/ForkPoolWorker-1] starting imap check for team2
[2018-07-29 17:09:53,788: INFO/ForkPoolWorker-1] finished imap check for team2
[2018-07-29 17:09:53,794: INFO/ForkPoolWorker-1] Task app.jobs.mail_job.check_imap_team2[70bfdd78-766d-4495-8bb0-1acd015414f2] succeeded in 0.029581071001302917s: None
[2018-07-29 17:09:53,837: INFO/ForkPoolWorker-2] Authentication (password) successful!
[2018-07-29 17:09:53,974: INFO/ForkPoolWorker-2] finished ssh check for team 1
[2018-07-29 17:09:53,981: INFO/ForkPoolWorker-2] Task app.jobs.ssh_job.check_ssh_team1[9fbd4be2-d3d4-4539-9936-35d7f7e50202] succeeded in 0.2606931849986722s: None
[2018-07-29 17:10:00,067: INFO/MainProcess] Received task: app.jobs.ping_job.check_ping_team2[ebf694d5-9ed5-4167-9eb3-9133cbb4229b]  
[2018-07-29 17:10:00,068: INFO/ForkPoolWorker-2] checking ping for team 2
[2018-07-29 17:10:00,076: INFO/MainProcess] Received task: app.jobs.mail_job.check_smtp_team1[f20b2b7e-0300-4fbf-9306-3a9d892593b0]  
[2018-07-29 17:10:00,078: INFO/MainProcess] Received task: app.jobs.ssh_job.check_ssh_team1[79951e4e-78e6-4b55-909a-57a77944f85a]  
[2018-07-29 17:10:00,081: INFO/ForkPoolWorker-1] starting smtp check for team1
[2018-07-29 17:10:00,083: INFO/MainProcess] Received task: app.jobs.ssh_job.check_ssh_team2[55f8c9bc-7ea6-4bed-857c-bdfc4d42fbf4]  
[2018-07-29 17:10:00,086: INFO/MainProcess] Received task: app.jobs.mail_job.check_imap_team1[8d240d01-3515-4053-962e-7254a02a0a81]  
[2018-07-29 17:10:00,090: INFO/MainProcess] Received task: app.jobs.ping_job.check_ping_team1[7fbdb527-3905-4a06-b873-0efa58ca7d15]  
[2018-07-29 17:10:00,092: INFO/MainProcess] Received task: app.jobs.mail_job.check_smtp_team2[7a771862-2cf9-45ca-a8da-dc315dc9c146]  
[2018-07-29 17:10:00,093: INFO/MainProcess] Received task: app.jobs.dns_job.check_dns_team2[f3631391-b1e9-45a0-b537-f90e0b8cfacc]  
[2018-07-29 17:10:00,095: INFO/MainProcess] Received task: app.jobs.dns_job.check_dns_team1[c1ba8870-cb31-4b94-bde7-8a2dd060f660]  
[2018-07-29 17:10:00,098: INFO/MainProcess] Received task: app.jobs.mail_job.check_imap_team2[dd4cad9e-9df0-42f3-a18d-346b22e5d639]  
[2018-07-29 17:10:00,104: INFO/ForkPoolWorker-1] finished smtp check for team1
[2018-07-29 17:10:00,113: INFO/ForkPoolWorker-1] Task app.jobs.mail_job.check_smtp_team1[f20b2b7e-0300-4fbf-9306-3a9d892593b0] succeeded in 0.034377514999505365s: None
[2018-07-29 17:10:00,117: INFO/ForkPoolWorker-2] finished checking ping for team 2
[2018-07-29 17:10:00,119: INFO/ForkPoolWorker-1] starting ssh check for team 1
[2018-07-29 17:10:00,129: INFO/ForkPoolWorker-1] Connected (version 2.0, client OpenSSH_7.2p2)
[2018-07-29 17:10:00,133: INFO/ForkPoolWorker-2] Task app.jobs.ping_job.check_ping_team2[ebf694d5-9ed5-4167-9eb3-9133cbb4229b] succeeded in 0.06437159400047676s: None
[2018-07-29 17:10:00,141: INFO/ForkPoolWorker-2] starting ssh check for team 2
[2018-07-29 17:10:00,153: INFO/ForkPoolWorker-2] Connected (version 2.0, client OpenSSH_7.2p2)
[2018-07-29 17:10:00,175: WARNING/ForkPoolWorker-1] /home/superadmin/.local/lib/python3.6/site-packages/paramiko/client.py:779: UserWarning: Unknown ssh-ed25519 host key for [10.120.1.13]:22: b'5b62a13672d587c37f93a88f96c1520b'
  key.get_name(), hostname, hexlify(key.get_fingerprint()),
[2018-07-29 17:10:00,227: INFO/ForkPoolWorker-1] Authentication (password) successful!
[2018-07-29 17:10:00,249: INFO/ForkPoolWorker-2] Authentication (password) successful!
[2018-07-29 17:10:00,367: INFO/ForkPoolWorker-1] finished ssh check for team 1
[2018-07-29 17:10:00,372: INFO/ForkPoolWorker-1] Task app.jobs.ssh_job.check_ssh_team1[79951e4e-78e6-4b55-909a-57a77944f85a] succeeded in 0.2579341119999299s: None
[2018-07-29 17:10:00,375: INFO/ForkPoolWorker-1] starting imap check for team1
[2018-07-29 17:10:00,397: INFO/ForkPoolWorker-1] finished imap check for team1
[2018-07-29 17:10:00,401: INFO/ForkPoolWorker-1] Task app.jobs.mail_job.check_imap_team1[8d240d01-3515-4053-962e-7254a02a0a81] succeeded in 0.027746087000195985s: None
[2018-07-29 17:10:00,403: INFO/ForkPoolWorker-1] checking ping for team 1
[2018-07-29 17:10:00,412: WARNING/ForkPoolWorker-2] superadmin
[2018-07-29 17:10:00,412: INFO/ForkPoolWorker-2] finished ssh check for team 2
[2018-07-29 17:10:00,417: INFO/ForkPoolWorker-2] Task app.jobs.ssh_job.check_ssh_team2[55f8c9bc-7ea6-4bed-857c-bdfc4d42fbf4] succeeded in 0.2813298230012151s: None
[2018-07-29 17:10:00,421: INFO/ForkPoolWorker-2] starting smtp check for team2
[2018-07-29 17:10:00,430: INFO/ForkPoolWorker-1] finished checking ping for team 1
[2018-07-29 17:10:00,440: INFO/ForkPoolWorker-2] finished smtp check for team2
[2018-07-29 17:10:00,441: INFO/ForkPoolWorker-1] Task app.jobs.ping_job.check_ping_team1[7fbdb527-3905-4a06-b873-0efa58ca7d15] succeeded in 0.03800198399949295s: None
[2018-07-29 17:10:00,446: INFO/ForkPoolWorker-2] Task app.jobs.mail_job.check_smtp_team2[7a771862-2cf9-45ca-a8da-dc315dc9c146] succeeded in 0.027673253000102704s: None
[2018-07-29 17:10:00,448: INFO/ForkPoolWorker-1] starting dns check for team2
[2018-07-29 17:10:00,450: INFO/ForkPoolWorker-1] finished dns check for team2
[2018-07-29 17:10:00,451: INFO/ForkPoolWorker-2] starting dns check for team1
[2018-07-29 17:10:00,454: INFO/ForkPoolWorker-2] finished dns check for team1
[2018-07-29 17:10:00,455: INFO/ForkPoolWorker-1] Task app.jobs.dns_job.check_dns_team2[f3631391-b1e9-45a0-b537-f90e0b8cfacc] succeeded in 0.011672190001263516s: None
[2018-07-29 17:10:00,462: INFO/ForkPoolWorker-2] Task app.jobs.dns_job.check_dns_team1[c1ba8870-cb31-4b94-bde7-8a2dd060f660] succeeded in 0.011854399999720044s: None
[2018-07-29 17:10:00,466: INFO/ForkPoolWorker-1] starting imap check for team2
[2018-07-29 17:10:00,491: INFO/ForkPoolWorker-1] finished imap check for team2
[2018-07-29 17:10:00,499: INFO/ForkPoolWorker-1] Task app.jobs.mail_job.check_imap_team2[dd4cad9e-9df0-42f3-a18d-346b22e5d639] succeeded in 0.04242392100059078s: None
[2018-07-29 17:20:00,062: INFO/MainProcess] Received task: app.jobs.mail_job.check_imap_team2[6523cc75-e8d9-4257-95d1-a05c2c6a0664]  
[2018-07-29 17:20:00,063: INFO/MainProcess] Received task: app.jobs.dns_job.check_dns_team1[17c74ee5-7890-4a41-a8a8-c201c24e34ca]  
[2018-07-29 17:20:00,068: INFO/ForkPoolWorker-1] starting dns check for team1
[2018-07-29 17:20:00,068: INFO/ForkPoolWorker-2] starting imap check for team2
[2018-07-29 17:20:00,071: INFO/MainProcess] Received task: app.jobs.dns_job.check_dns_team2[adb47f74-addd-45e4-bf93-1241638ce81f]  
[2018-07-29 17:20:00,072: INFO/ForkPoolWorker-1] finished dns check for team1
[2018-07-29 17:20:00,073: INFO/MainProcess] Received task: app.jobs.mail_job.check_smtp_team2[89aa2a5f-d3ba-4ddd-af35-3f6707ae04cd]  
[2018-07-29 17:20:00,076: INFO/MainProcess] Received task: app.jobs.ping_job.check_ping_team1[e85bf598-7876-4655-a5f5-4f7cbe063d68]  
[2018-07-29 17:20:00,079: INFO/MainProcess] Received task: app.jobs.mail_job.check_imap_team1[b32432fa-eeb1-45b2-ac70-9644f6eedd69]  
[2018-07-29 17:20:00,080: INFO/MainProcess] Received task: app.jobs.ssh_job.check_ssh_team2[44819f96-eac7-497d-8adf-8c1c86409ffc]  
[2018-07-29 17:20:00,080: INFO/ForkPoolWorker-1] Task app.jobs.dns_job.check_dns_team1[17c74ee5-7890-4a41-a8a8-c201c24e34ca] succeeded in 0.015516424000452389s: None
[2018-07-29 17:20:00,082: INFO/MainProcess] Received task: app.jobs.ssh_job.check_ssh_team1[0f0d98ba-3aba-48cf-b965-f7c2e3ec9e4f]  
[2018-07-29 17:20:00,084: INFO/MainProcess] Received task: app.jobs.mail_job.check_smtp_team1[915759e8-d124-4eca-a50e-dc10599c76db]  
[2018-07-29 17:20:00,086: INFO/MainProcess] Received task: app.jobs.ping_job.check_ping_team2[bdad8593-2807-4d60-9288-375b2a58cb2f]  
[2018-07-29 17:20:00,088: INFO/ForkPoolWorker-1] starting dns check for team2
[2018-07-29 17:20:00,090: INFO/ForkPoolWorker-1] finished dns check for team2
[2018-07-29 17:20:00,096: INFO/ForkPoolWorker-1] Task app.jobs.dns_job.check_dns_team2[adb47f74-addd-45e4-bf93-1241638ce81f] succeeded in 0.011335060000419617s: None
[2018-07-29 17:20:00,101: INFO/ForkPoolWorker-1] starting smtp check for team2
[2018-07-29 17:20:00,122: INFO/ForkPoolWorker-2] finished imap check for team2
[2018-07-29 17:20:00,128: INFO/ForkPoolWorker-2] Task app.jobs.mail_job.check_imap_team2[6523cc75-e8d9-4257-95d1-a05c2c6a0664] succeeded in 0.06406425000022864s: None
[2018-07-29 17:20:00,130: INFO/ForkPoolWorker-2] checking ping for team 1
[2018-07-29 17:20:00,154: INFO/ForkPoolWorker-1] finished smtp check for team2
[2018-07-29 17:20:00,158: INFO/ForkPoolWorker-2] finished checking ping for team 1
[2018-07-29 17:20:00,160: INFO/ForkPoolWorker-1] Task app.jobs.mail_job.check_smtp_team2[89aa2a5f-d3ba-4ddd-af35-3f6707ae04cd] succeeded in 0.06283276199974352s: None
[2018-07-29 17:20:00,165: INFO/ForkPoolWorker-1] starting imap check for team1
[2018-07-29 17:20:00,185: INFO/ForkPoolWorker-2] Task app.jobs.ping_job.check_ping_team1[e85bf598-7876-4655-a5f5-4f7cbe063d68] succeeded in 0.055350230999465566s: None
[2018-07-29 17:20:00,192: INFO/ForkPoolWorker-2] starting ssh check for team 2
[2018-07-29 17:20:00,193: ERROR/ForkPoolWorker-2] team 2 ssh failed with 'NoneType' object has no attribute 'password'
[2018-07-29 17:20:00,193: INFO/ForkPoolWorker-2] finished ssh check for team 2
[2018-07-29 17:20:00,198: INFO/ForkPoolWorker-2] Task app.jobs.ssh_job.check_ssh_team2[44819f96-eac7-497d-8adf-8c1c86409ffc] succeeded in 0.01078214000153821s: None
[2018-07-29 17:20:00,202: INFO/ForkPoolWorker-2] starting ssh check for team 1
[2018-07-29 17:20:00,202: ERROR/ForkPoolWorker-2] team 1 ssh failed with 'NoneType' object has no attribute 'password'
[2018-07-29 17:20:00,202: INFO/ForkPoolWorker-2] finished ssh check for team 1
[2018-07-29 17:20:00,204: INFO/ForkPoolWorker-1] finished imap check for team1
[2018-07-29 17:20:00,208: INFO/ForkPoolWorker-2] Task app.jobs.ssh_job.check_ssh_team1[0f0d98ba-3aba-48cf-b965-f7c2e3ec9e4f] succeeded in 0.009345858999949996s: None
[2018-07-29 17:20:00,211: INFO/ForkPoolWorker-2] starting smtp check for team1
[2018-07-29 17:20:00,216: INFO/ForkPoolWorker-1] Task app.jobs.mail_job.check_imap_team1[b32432fa-eeb1-45b2-ac70-9644f6eedd69] succeeded in 0.053356262998931925s: None
[2018-07-29 17:20:00,219: INFO/ForkPoolWorker-1] checking ping for team 2
[2018-07-29 17:20:00,244: INFO/ForkPoolWorker-1] finished checking ping for team 2
[2018-07-29 17:20:00,275: INFO/ForkPoolWorker-1] Task app.jobs.ping_job.check_ping_team2[bdad8593-2807-4d60-9288-375b2a58cb2f] succeeded in 0.05601931699857232s: None
[2018-07-29 17:20:04,397: INFO/ForkPoolWorker-2] finished smtp check for team1
[2018-07-29 17:20:04,404: INFO/ForkPoolWorker-2] Task app.jobs.mail_job.check_smtp_team1[915759e8-d124-4eca-a50e-dc10599c76db] succeeded in 4.194997042999603s: None
[2018-07-29 17:27:51,150: DEBUG/MainProcess] | Worker: Preparing bootsteps.
[2018-07-29 17:27:51,152: DEBUG/MainProcess] | Worker: Building graph...
[2018-07-29 17:27:51,153: DEBUG/MainProcess] | Worker: New boot order: {StateDB, Timer, Hub, Pool, Autoscaler, Beat, Consumer}
[2018-07-29 17:27:51,168: DEBUG/MainProcess] | Consumer: Preparing bootsteps.
[2018-07-29 17:27:51,169: DEBUG/MainProcess] | Consumer: Building graph...
[2018-07-29 17:27:51,191: DEBUG/MainProcess] | Consumer: New boot order: {Connection, Agent, Events, Mingle, Tasks, Control, Gossip, Heart, event loop}
[2018-07-29 17:27:51,208: DEBUG/MainProcess] | Worker: Starting Hub
[2018-07-29 17:27:51,208: DEBUG/MainProcess] ^-- substep ok
[2018-07-29 17:27:51,208: DEBUG/MainProcess] | Worker: Starting Pool
[2018-07-29 17:27:51,325: DEBUG/MainProcess] ^-- substep ok
[2018-07-29 17:27:51,326: DEBUG/MainProcess] | Worker: Starting Consumer
[2018-07-29 17:27:51,327: DEBUG/MainProcess] | Consumer: Starting Connection
[2018-07-29 17:27:51,342: INFO/MainProcess] Connected to redis://localhost:6379//
[2018-07-29 17:27:51,343: DEBUG/MainProcess] ^-- substep ok
[2018-07-29 17:27:51,343: DEBUG/MainProcess] | Consumer: Starting Events
[2018-07-29 17:27:51,352: DEBUG/MainProcess] ^-- substep ok
[2018-07-29 17:27:51,352: DEBUG/MainProcess] | Consumer: Starting Mingle
[2018-07-29 17:27:51,353: INFO/MainProcess] mingle: searching for neighbors
[2018-07-29 17:27:52,378: INFO/MainProcess] mingle: all alone
[2018-07-29 17:27:52,378: DEBUG/MainProcess] ^-- substep ok
[2018-07-29 17:27:52,378: DEBUG/MainProcess] | Consumer: Starting Tasks
[2018-07-29 17:27:52,384: DEBUG/MainProcess] ^-- substep ok
[2018-07-29 17:27:52,384: DEBUG/MainProcess] | Consumer: Starting Control
[2018-07-29 17:27:52,386: DEBUG/MainProcess] ^-- substep ok
[2018-07-29 17:27:52,386: DEBUG/MainProcess] | Consumer: Starting Gossip
[2018-07-29 17:27:52,389: DEBUG/MainProcess] ^-- substep ok
[2018-07-29 17:27:52,389: DEBUG/MainProcess] | Consumer: Starting Heart
[2018-07-29 17:27:52,390: DEBUG/MainProcess] ^-- substep ok
[2018-07-29 17:27:52,390: DEBUG/MainProcess] | Consumer: Starting event loop
[2018-07-29 17:27:52,391: DEBUG/MainProcess] | Worker: Hub.register Pool...
[2018-07-29 17:27:52,391: INFO/MainProcess] celery@atlantis.team1.irsec ready.
[2018-07-29 17:27:52,391: DEBUG/MainProcess] basic.qos: prefetch_count->8
[2018-07-29 17:30:00,097: INFO/MainProcess] Received task: app.jobs.ping_job.check_ping_team1[7467c4e0-85db-4e1e-86d8-e468121053d7]  
[2018-07-29 17:30:00,098: DEBUG/MainProcess] TaskPool: Apply <function _fast_trace_task at 0x7f0a6e3e32f0> (args:('app.jobs.ping_job.check_ping_team1', '7467c4e0-85db-4e1e-86d8-e468121053d7', {'lang': 'py', 'task': 'app.jobs.ping_job.check_ping_team1', 'id': '7467c4e0-85db-4e1e-86d8-e468121053d7', 'shadow': None, 'eta': None, 'expires': None, 'group': None, 'retries': 0, 'timelimit': [None, None], 'root_id': '7467c4e0-85db-4e1e-86d8-e468121053d7', 'parent_id': None, 'argsrepr': '()', 'kwargsrepr': '{}', 'origin': 'gen27563@atlantis.team1.irsec', 'reply_to': '131e4911-83ac-384b-a5ef-e33fbe04e8d5', 'correlation_id': '7467c4e0-85db-4e1e-86d8-e468121053d7', 'delivery_info': {'exchange': '', 'routing_key': 'celery', 'priority': 0, 'redelivered': None}}, b'[[], {}, {"callbacks": null, "errbacks": null, "chain": null, "chord": null}]', 'application/json', 'utf-8') kwargs:{})
[2018-07-29 17:30:00,100: INFO/MainProcess] Received task: app.jobs.dns_job.check_dns_team1[cc928bb5-6e24-46b3-908e-c6ade0fa2177]  
[2018-07-29 17:30:00,101: DEBUG/MainProcess] TaskPool: Apply <function _fast_trace_task at 0x7f0a6e3e32f0> (args:('app.jobs.dns_job.check_dns_team1', 'cc928bb5-6e24-46b3-908e-c6ade0fa2177', {'lang': 'py', 'task': 'app.jobs.dns_job.check_dns_team1', 'id': 'cc928bb5-6e24-46b3-908e-c6ade0fa2177', 'shadow': None, 'eta': None, 'expires': None, 'group': None, 'retries': 0, 'timelimit': [None, None], 'root_id': 'cc928bb5-6e24-46b3-908e-c6ade0fa2177', 'parent_id': None, 'argsrepr': '()', 'kwargsrepr': '{}', 'origin': 'gen27563@atlantis.team1.irsec', 'reply_to': '131e4911-83ac-384b-a5ef-e33fbe04e8d5', 'correlation_id': 'cc928bb5-6e24-46b3-908e-c6ade0fa2177', 'delivery_info': {'exchange': '', 'routing_key': 'celery', 'priority': 0, 'redelivered': None}}, b'[[], {}, {"callbacks": null, "errbacks": null, "chain": null, "chord": null}]', 'application/json', 'utf-8') kwargs:{})
[2018-07-29 17:30:00,102: INFO/ForkPoolWorker-2] checking ping for team 1
[2018-07-29 17:30:00,118: INFO/MainProcess] Received task: app.jobs.ssh_job.check_ssh_team2[57a76458-ffbe-4db0-8f88-9e955347e035]  
[2018-07-29 17:30:00,119: DEBUG/MainProcess] Task accepted: app.jobs.ping_job.check_ping_team1[7467c4e0-85db-4e1e-86d8-e468121053d7] pid:27580
[2018-07-29 17:30:00,119: DEBUG/MainProcess] Task accepted: app.jobs.dns_job.check_dns_team1[cc928bb5-6e24-46b3-908e-c6ade0fa2177] pid:27579
[2018-07-29 17:30:00,121: INFO/MainProcess] Received task: app.jobs.mail_job.check_smtp_team2[7f365323-dc2b-4f89-81cb-22b31ad68025]  
[2018-07-29 17:30:00,130: INFO/MainProcess] Received task: app.jobs.mail_job.check_imap_team1[2b0ac5fc-f189-4d90-a431-fa1e1ca8a4a3]  
[2018-07-29 17:30:00,131: INFO/MainProcess] Received task: app.jobs.mail_job.check_imap_team2[700f80d8-f901-4e49-9f51-64e0f5d5fcf0]  
[2018-07-29 17:30:00,133: INFO/MainProcess] Received task: app.jobs.ssh_job.check_ssh_team1[3df0a691-d7f8-4d20-b492-93f2e57f3a29]  
[2018-07-29 17:30:00,134: INFO/MainProcess] Received task: app.jobs.dns_job.check_dns_team2[ab6c6f36-c632-4460-84f9-4847fb8bed14]  
[2018-07-29 17:30:00,135: INFO/MainProcess] Received task: app.jobs.mail_job.check_smtp_team1[2bc79db4-e7d0-4018-8f13-de8c6db0c50b]  
[2018-07-29 17:30:00,143: INFO/MainProcess] Received task: app.jobs.ping_job.check_ping_team2[b8efc648-aeaa-4489-a2d1-8012ec3689be]  
[2018-07-29 17:30:00,149: INFO/ForkPoolWorker-1] starting dns check for team1
[2018-07-29 17:30:00,154: DEBUG/ForkPoolWorker-1] team1 dns result: 10.1.1.20
[2018-07-29 17:30:00,154: DEBUG/ForkPoolWorker-1] team 1 passed dns
[2018-07-29 17:30:00,154: INFO/ForkPoolWorker-1] finished dns check for team1
[2018-07-29 17:30:00,157: DEBUG/ForkPoolWorker-2] team 1 passed ping check
[2018-07-29 17:30:00,157: INFO/ForkPoolWorker-2] finished checking ping for team 1
[2018-07-29 17:30:00,162: INFO/ForkPoolWorker-1] Task app.jobs.dns_job.check_dns_team1[cc928bb5-6e24-46b3-908e-c6ade0fa2177] succeeded in 0.05391106599927298s: None
[2018-07-29 17:30:00,162: DEBUG/MainProcess] TaskPool: Apply <function _fast_trace_task at 0x7f0a6e3e32f0> (args:('app.jobs.ssh_job.check_ssh_team2', '57a76458-ffbe-4db0-8f88-9e955347e035', {'lang': 'py', 'task': 'app.jobs.ssh_job.check_ssh_team2', 'id': '57a76458-ffbe-4db0-8f88-9e955347e035', 'shadow': None, 'eta': None, 'expires': None, 'group': None, 'retries': 0, 'timelimit': [None, None], 'root_id': '57a76458-ffbe-4db0-8f88-9e955347e035', 'parent_id': None, 'argsrepr': '()', 'kwargsrepr': '{}', 'origin': 'gen27563@atlantis.team1.irsec', 'reply_to': '131e4911-83ac-384b-a5ef-e33fbe04e8d5', 'correlation_id': '57a76458-ffbe-4db0-8f88-9e955347e035', 'delivery_info': {'exchange': '', 'routing_key': 'celery', 'priority': 0, 'redelivered': None}}, b'[[], {}, {"callbacks": null, "errbacks": null, "chain": null, "chord": null}]', 'application/json', 'utf-8') kwargs:{})
[2018-07-29 17:30:00,164: DEBUG/MainProcess] Task accepted: app.jobs.ssh_job.check_ssh_team2[57a76458-ffbe-4db0-8f88-9e955347e035] pid:27579
[2018-07-29 17:30:00,167: INFO/ForkPoolWorker-1] starting ssh check for team 2
[2018-07-29 17:30:00,167: ERROR/ForkPoolWorker-1] team 2 ssh failed with 'NoneType' object has no attribute 'password'
[2018-07-29 17:30:00,167: INFO/ForkPoolWorker-1] finished ssh check for team 2
[2018-07-29 17:30:00,172: INFO/ForkPoolWorker-2] Task app.jobs.ping_job.check_ping_team1[7467c4e0-85db-4e1e-86d8-e468121053d7] succeeded in 0.07001739500083204s: None
[2018-07-29 17:30:00,172: DEBUG/MainProcess] TaskPool: Apply <function _fast_trace_task at 0x7f0a6e3e32f0> (args:('app.jobs.mail_job.check_smtp_team2', '7f365323-dc2b-4f89-81cb-22b31ad68025', {'lang': 'py', 'task': 'app.jobs.mail_job.check_smtp_team2', 'id': '7f365323-dc2b-4f89-81cb-22b31ad68025', 'shadow': None, 'eta': None, 'expires': None, 'group': None, 'retries': 0, 'timelimit': [None, None], 'root_id': '7f365323-dc2b-4f89-81cb-22b31ad68025', 'parent_id': None, 'argsrepr': '()', 'kwargsrepr': '{}', 'origin': 'gen27563@atlantis.team1.irsec', 'reply_to': '131e4911-83ac-384b-a5ef-e33fbe04e8d5', 'correlation_id': '7f365323-dc2b-4f89-81cb-22b31ad68025', 'delivery_info': {'exchange': '', 'routing_key': 'celery', 'priority': 0, 'redelivered': None}}, b'[[], {}, {"callbacks": null, "errbacks": null, "chain": null, "chord": null}]', 'application/json', 'utf-8') kwargs:{})
[2018-07-29 17:30:00,174: DEBUG/MainProcess] Task accepted: app.jobs.mail_job.check_smtp_team2[7f365323-dc2b-4f89-81cb-22b31ad68025] pid:27580
[2018-07-29 17:30:00,177: INFO/ForkPoolWorker-1] Task app.jobs.ssh_job.check_ssh_team2[57a76458-ffbe-4db0-8f88-9e955347e035] succeeded in 0.013425478000499425s: None
[2018-07-29 17:30:00,177: DEBUG/MainProcess] TaskPool: Apply <function _fast_trace_task at 0x7f0a6e3e32f0> (args:('app.jobs.mail_job.check_imap_team1', '2b0ac5fc-f189-4d90-a431-fa1e1ca8a4a3', {'lang': 'py', 'task': 'app.jobs.mail_job.check_imap_team1', 'id': '2b0ac5fc-f189-4d90-a431-fa1e1ca8a4a3', 'shadow': None, 'eta': None, 'expires': None, 'group': None, 'retries': 0, 'timelimit': [None, None], 'root_id': '2b0ac5fc-f189-4d90-a431-fa1e1ca8a4a3', 'parent_id': None, 'argsrepr': '()', 'kwargsrepr': '{}', 'origin': 'gen27563@atlantis.team1.irsec', 'reply_to': '131e4911-83ac-384b-a5ef-e33fbe04e8d5', 'correlation_id': '2b0ac5fc-f189-4d90-a431-fa1e1ca8a4a3', 'delivery_info': {'exchange': '', 'routing_key': 'celery', 'priority': 0, 'redelivered': None}}, b'[[], {}, {"callbacks": null, "errbacks": null, "chain": null, "chord": null}]', 'application/json', 'utf-8') kwargs:{})
[2018-07-29 17:30:00,178: DEBUG/MainProcess] Task accepted: app.jobs.mail_job.check_imap_team1[2b0ac5fc-f189-4d90-a431-fa1e1ca8a4a3] pid:27579
[2018-07-29 17:30:00,179: INFO/ForkPoolWorker-2] starting smtp check for team2
[2018-07-29 17:30:00,180: INFO/ForkPoolWorker-1] starting imap check for team1
[2018-07-29 17:30:00,192: DEBUG/ForkPoolWorker-1] connection <imaplib.IMAP4 object at 0x7f0a6e21b470>
[2018-07-29 17:30:00,219: DEBUG/ForkPoolWorker-1] team1 imap result: b813a22be6ea2c0482557f891708c64532bba7b849a0e1e7c62c773fec78ce5f

[2018-07-29 17:30:00,219: INFO/ForkPoolWorker-1] finished imap check for team1
[2018-07-29 17:30:00,226: INFO/ForkPoolWorker-1] Task app.jobs.mail_job.check_imap_team1[2b0ac5fc-f189-4d90-a431-fa1e1ca8a4a3] succeeded in 0.0483485959994141s: None
[2018-07-29 17:30:00,227: DEBUG/MainProcess] TaskPool: Apply <function _fast_trace_task at 0x7f0a6e3e32f0> (args:('app.jobs.mail_job.check_imap_team2', '700f80d8-f901-4e49-9f51-64e0f5d5fcf0', {'lang': 'py', 'task': 'app.jobs.mail_job.check_imap_team2', 'id': '700f80d8-f901-4e49-9f51-64e0f5d5fcf0', 'shadow': None, 'eta': None, 'expires': None, 'group': None, 'retries': 0, 'timelimit': [None, None], 'root_id': '700f80d8-f901-4e49-9f51-64e0f5d5fcf0', 'parent_id': None, 'argsrepr': '()', 'kwargsrepr': '{}', 'origin': 'gen27563@atlantis.team1.irsec', 'reply_to': '131e4911-83ac-384b-a5ef-e33fbe04e8d5', 'correlation_id': '700f80d8-f901-4e49-9f51-64e0f5d5fcf0', 'delivery_info': {'exchange': '', 'routing_key': 'celery', 'priority': 0, 'redelivered': None}}, b'[[], {}, {"callbacks": null, "errbacks": null, "chain": null, "chord": null}]', 'application/json', 'utf-8') kwargs:{})
[2018-07-29 17:30:00,227: DEBUG/MainProcess] Task accepted: app.jobs.mail_job.check_imap_team2[700f80d8-f901-4e49-9f51-64e0f5d5fcf0] pid:27579
[2018-07-29 17:30:00,231: INFO/ForkPoolWorker-1] starting imap check for team2
[2018-07-29 17:30:00,247: DEBUG/ForkPoolWorker-1] connection <imaplib.IMAP4 object at 0x7f0a6e14e668>
[2018-07-29 17:30:00,255: DEBUG/ForkPoolWorker-2] team2 smtp result: ScoringCheck-f086c32281b2f012
[2018-07-29 17:30:00,256: INFO/ForkPoolWorker-2] finished smtp check for team2
[2018-07-29 17:30:00,262: INFO/ForkPoolWorker-2] Task app.jobs.mail_job.check_smtp_team2[7f365323-dc2b-4f89-81cb-22b31ad68025] succeeded in 0.08801595800105133s: None
[2018-07-29 17:30:00,262: DEBUG/MainProcess] TaskPool: Apply <function _fast_trace_task at 0x7f0a6e3e32f0> (args:('app.jobs.ssh_job.check_ssh_team1', '3df0a691-d7f8-4d20-b492-93f2e57f3a29', {'lang': 'py', 'task': 'app.jobs.ssh_job.check_ssh_team1', 'id': '3df0a691-d7f8-4d20-b492-93f2e57f3a29', 'shadow': None, 'eta': None, 'expires': None, 'group': None, 'retries': 0, 'timelimit': [None, None], 'root_id': '3df0a691-d7f8-4d20-b492-93f2e57f3a29', 'parent_id': None, 'argsrepr': '()', 'kwargsrepr': '{}', 'origin': 'gen27563@atlantis.team1.irsec', 'reply_to': '131e4911-83ac-384b-a5ef-e33fbe04e8d5', 'correlation_id': '3df0a691-d7f8-4d20-b492-93f2e57f3a29', 'delivery_info': {'exchange': '', 'routing_key': 'celery', 'priority': 0, 'redelivered': None}}, b'[[], {}, {"callbacks": null, "errbacks": null, "chain": null, "chord": null}]', 'application/json', 'utf-8') kwargs:{})
[2018-07-29 17:30:00,263: DEBUG/MainProcess] Task accepted: app.jobs.ssh_job.check_ssh_team1[3df0a691-d7f8-4d20-b492-93f2e57f3a29] pid:27580
[2018-07-29 17:30:00,267: INFO/ForkPoolWorker-2] starting ssh check for team 1
[2018-07-29 17:30:00,267: ERROR/ForkPoolWorker-2] team 1 ssh failed with 'NoneType' object has no attribute 'password'
[2018-07-29 17:30:00,267: INFO/ForkPoolWorker-2] finished ssh check for team 1
[2018-07-29 17:30:00,272: INFO/ForkPoolWorker-2] Task app.jobs.ssh_job.check_ssh_team1[3df0a691-d7f8-4d20-b492-93f2e57f3a29] succeeded in 0.008021837998967385s: None
[2018-07-29 17:30:00,272: DEBUG/MainProcess] TaskPool: Apply <function _fast_trace_task at 0x7f0a6e3e32f0> (args:('app.jobs.dns_job.check_dns_team2', 'ab6c6f36-c632-4460-84f9-4847fb8bed14', {'lang': 'py', 'task': 'app.jobs.dns_job.check_dns_team2', 'id': 'ab6c6f36-c632-4460-84f9-4847fb8bed14', 'shadow': None, 'eta': None, 'expires': None, 'group': None, 'retries': 0, 'timelimit': [None, None], 'root_id': 'ab6c6f36-c632-4460-84f9-4847fb8bed14', 'parent_id': None, 'argsrepr': '()', 'kwargsrepr': '{}', 'origin': 'gen27563@atlantis.team1.irsec', 'reply_to': '131e4911-83ac-384b-a5ef-e33fbe04e8d5', 'correlation_id': 'ab6c6f36-c632-4460-84f9-4847fb8bed14', 'delivery_info': {'exchange': '', 'routing_key': 'celery', 'priority': 0, 'redelivered': None}}, b'[[], {}, {"callbacks": null, "errbacks": null, "chain": null, "chord": null}]', 'application/json', 'utf-8') kwargs:{})
[2018-07-29 17:30:00,273: DEBUG/MainProcess] Task accepted: app.jobs.dns_job.check_dns_team2[ab6c6f36-c632-4460-84f9-4847fb8bed14] pid:27580
[2018-07-29 17:30:00,275: INFO/ForkPoolWorker-2] starting dns check for team2
[2018-07-29 17:30:00,277: DEBUG/ForkPoolWorker-1] team2 imap result: f311f615263d48f603f47ad6c86f41cd1742db88e99bbf7b9a6d0e22a1a45a0d

[2018-07-29 17:30:00,277: INFO/ForkPoolWorker-1] finished imap check for team2
[2018-07-29 17:30:00,280: DEBUG/ForkPoolWorker-2] team2 dns result: 10.2.2.20
[2018-07-29 17:30:00,280: DEBUG/ForkPoolWorker-2] team 2 passed dns
[2018-07-29 17:30:00,280: INFO/ForkPoolWorker-2] finished dns check for team2
[2018-07-29 17:30:00,282: INFO/ForkPoolWorker-1] Task app.jobs.mail_job.check_imap_team2[700f80d8-f901-4e49-9f51-64e0f5d5fcf0] succeeded in 0.05486103799921693s: None
[2018-07-29 17:30:00,283: DEBUG/MainProcess] TaskPool: Apply <function _fast_trace_task at 0x7f0a6e3e32f0> (args:('app.jobs.mail_job.check_smtp_team1', '2bc79db4-e7d0-4018-8f13-de8c6db0c50b', {'lang': 'py', 'task': 'app.jobs.mail_job.check_smtp_team1', 'id': '2bc79db4-e7d0-4018-8f13-de8c6db0c50b', 'shadow': None, 'eta': None, 'expires': None, 'group': None, 'retries': 0, 'timelimit': [None, None], 'root_id': '2bc79db4-e7d0-4018-8f13-de8c6db0c50b', 'parent_id': None, 'argsrepr': '()', 'kwargsrepr': '{}', 'origin': 'gen27563@atlantis.team1.irsec', 'reply_to': '131e4911-83ac-384b-a5ef-e33fbe04e8d5', 'correlation_id': '2bc79db4-e7d0-4018-8f13-de8c6db0c50b', 'delivery_info': {'exchange': '', 'routing_key': 'celery', 'priority': 0, 'redelivered': None}}, b'[[], {}, {"callbacks": null, "errbacks": null, "chain": null, "chord": null}]', 'application/json', 'utf-8') kwargs:{})
[2018-07-29 17:30:00,283: DEBUG/MainProcess] Task accepted: app.jobs.mail_job.check_smtp_team1[2bc79db4-e7d0-4018-8f13-de8c6db0c50b] pid:27579
[2018-07-29 17:30:00,285: INFO/ForkPoolWorker-1] starting smtp check for team1
[2018-07-29 17:30:00,289: INFO/ForkPoolWorker-2] Task app.jobs.dns_job.check_dns_team2[ab6c6f36-c632-4460-84f9-4847fb8bed14] succeeded in 0.015077977999681025s: None
[2018-07-29 17:30:00,289: DEBUG/MainProcess] TaskPool: Apply <function _fast_trace_task at 0x7f0a6e3e32f0> (args:('app.jobs.ping_job.check_ping_team2', 'b8efc648-aeaa-4489-a2d1-8012ec3689be', {'lang': 'py', 'task': 'app.jobs.ping_job.check_ping_team2', 'id': 'b8efc648-aeaa-4489-a2d1-8012ec3689be', 'shadow': None, 'eta': None, 'expires': None, 'group': None, 'retries': 0, 'timelimit': [None, None], 'root_id': 'b8efc648-aeaa-4489-a2d1-8012ec3689be', 'parent_id': None, 'argsrepr': '()', 'kwargsrepr': '{}', 'origin': 'gen27563@atlantis.team1.irsec', 'reply_to': '131e4911-83ac-384b-a5ef-e33fbe04e8d5', 'correlation_id': 'b8efc648-aeaa-4489-a2d1-8012ec3689be', 'delivery_info': {'exchange': '', 'routing_key': 'celery', 'priority': 0, 'redelivered': None}}, b'[[], {}, {"callbacks": null, "errbacks": null, "chain": null, "chord": null}]', 'application/json', 'utf-8') kwargs:{})
[2018-07-29 17:30:00,290: DEBUG/MainProcess] Task accepted: app.jobs.ping_job.check_ping_team2[b8efc648-aeaa-4489-a2d1-8012ec3689be] pid:27580
[2018-07-29 17:30:00,291: INFO/ForkPoolWorker-2] checking ping for team 2
[2018-07-29 17:30:00,308: DEBUG/ForkPoolWorker-2] team 2 passed ping check
[2018-07-29 17:30:00,309: INFO/ForkPoolWorker-2] finished checking ping for team 2
[2018-07-29 17:30:00,317: INFO/ForkPoolWorker-2] Task app.jobs.ping_job.check_ping_team2[b8efc648-aeaa-4489-a2d1-8012ec3689be] succeeded in 0.026976772000125493s: None
[2018-07-29 17:30:00,342: DEBUG/ForkPoolWorker-1] team1 smtp result: ScoringCheck-59bce5a3bfb26e60
[2018-07-29 17:30:00,343: INFO/ForkPoolWorker-1] finished smtp check for team1
[2018-07-29 17:30:00,348: INFO/ForkPoolWorker-1] Task app.jobs.mail_job.check_smtp_team1[2bc79db4-e7d0-4018-8f13-de8c6db0c50b] succeeded in 0.06439363400022557s: None
[2018-07-29 17:31:23,575: DEBUG/MainProcess] | Worker: Closing Hub...
[2018-07-29 17:31:23,576: DEBUG/MainProcess] | Worker: Closing Pool...
[2018-07-29 17:31:23,576: DEBUG/MainProcess] | Worker: Closing Consumer...
[2018-07-29 17:31:23,576: DEBUG/MainProcess] | Worker: Stopping Consumer...
[2018-07-29 17:31:23,576: DEBUG/MainProcess] | Consumer: Closing Connection...
[2018-07-29 17:31:23,576: DEBUG/MainProcess] | Consumer: Closing Events...
[2018-07-29 17:31:23,576: DEBUG/MainProcess] | Consumer: Closing Mingle...
[2018-07-29 17:31:23,576: DEBUG/MainProcess] | Consumer: Closing Tasks...
[2018-07-29 17:31:23,577: DEBUG/MainProcess] | Consumer: Closing Control...
[2018-07-29 17:31:23,577: DEBUG/MainProcess] | Consumer: Closing Gossip...
[2018-07-29 17:31:23,577: DEBUG/MainProcess] | Consumer: Closing Heart...
[2018-07-29 17:31:23,577: DEBUG/MainProcess] | Consumer: Closing event loop...
[2018-07-29 17:31:23,577: DEBUG/MainProcess] | Consumer: Stopping event loop...
[2018-07-29 17:31:23,577: DEBUG/MainProcess] | Consumer: Stopping Heart...
[2018-07-29 17:31:23,578: DEBUG/MainProcess] | Consumer: Stopping Gossip...
[2018-07-29 17:31:23,580: DEBUG/MainProcess] | Consumer: Stopping Control...
[2018-07-29 17:31:23,581: DEBUG/MainProcess] | Consumer: Stopping Tasks...
[2018-07-29 17:31:23,581: DEBUG/MainProcess] Canceling task consumer...
[2018-07-29 17:31:23,581: DEBUG/MainProcess] | Consumer: Stopping Mingle...
[2018-07-29 17:31:23,582: DEBUG/MainProcess] | Consumer: Stopping Events...
[2018-07-29 17:31:23,582: DEBUG/MainProcess] | Consumer: Stopping Connection...
[2018-07-29 17:31:23,582: DEBUG/MainProcess] | Worker: Stopping Pool...
[2018-07-29 17:31:24,579: DEBUG/MainProcess] | Worker: Stopping Hub...
[2018-07-29 17:31:24,579: DEBUG/MainProcess] | Consumer: Shutdown Heart...
[2018-07-29 17:31:24,579: DEBUG/MainProcess] | Consumer: Shutdown Gossip...
[2018-07-29 17:31:24,579: DEBUG/MainProcess] | Consumer: Shutdown Control...
[2018-07-29 17:31:24,579: DEBUG/MainProcess] | Consumer: Shutdown Tasks...
[2018-07-29 17:31:24,580: DEBUG/MainProcess] Canceling task consumer...
[2018-07-29 17:31:24,580: DEBUG/MainProcess] Closing consumer channel...
[2018-07-29 17:31:24,580: DEBUG/MainProcess] | Consumer: Shutdown Events...
[2018-07-29 17:31:24,580: DEBUG/MainProcess] | Consumer: Shutdown Connection...
[2018-07-29 17:31:24,581: DEBUG/MainProcess] removing tasks from inqueue until task handler finished
[2018-07-29 17:33:15,887: DEBUG/MainProcess] | Worker: Preparing bootsteps.
[2018-07-29 17:33:15,889: DEBUG/MainProcess] | Worker: Building graph...
[2018-07-29 17:33:15,889: DEBUG/MainProcess] | Worker: New boot order: {StateDB, Beat, Timer, Hub, Pool, Autoscaler, Consumer}
[2018-07-29 17:33:15,905: DEBUG/MainProcess] | Consumer: Preparing bootsteps.
[2018-07-29 17:33:15,906: DEBUG/MainProcess] | Consumer: Building graph...
[2018-07-29 17:33:15,927: DEBUG/MainProcess] | Consumer: New boot order: {Connection, Events, Mingle, Tasks, Control, Agent, Heart, Gossip, event loop}
[2018-07-29 17:33:15,939: DEBUG/MainProcess] | Worker: Starting Hub
[2018-07-29 17:33:15,939: DEBUG/MainProcess] ^-- substep ok
[2018-07-29 17:33:15,939: DEBUG/MainProcess] | Worker: Starting Pool
[2018-07-29 17:33:16,044: DEBUG/MainProcess] ^-- substep ok
[2018-07-29 17:33:16,044: DEBUG/MainProcess] | Worker: Starting Consumer
[2018-07-29 17:33:16,045: DEBUG/MainProcess] | Consumer: Starting Connection
[2018-07-29 17:33:16,059: INFO/MainProcess] Connected to redis://localhost:6379//
[2018-07-29 17:33:16,059: DEBUG/MainProcess] ^-- substep ok
[2018-07-29 17:33:16,059: DEBUG/MainProcess] | Consumer: Starting Events
[2018-07-29 17:33:16,069: DEBUG/MainProcess] ^-- substep ok
[2018-07-29 17:33:16,069: DEBUG/MainProcess] | Consumer: Starting Mingle
[2018-07-29 17:33:16,069: INFO/MainProcess] mingle: searching for neighbors
[2018-07-29 17:33:17,094: INFO/MainProcess] mingle: all alone
[2018-07-29 17:33:17,094: DEBUG/MainProcess] ^-- substep ok
[2018-07-29 17:33:17,094: DEBUG/MainProcess] | Consumer: Starting Tasks
[2018-07-29 17:33:17,104: DEBUG/MainProcess] ^-- substep ok
[2018-07-29 17:33:17,104: DEBUG/MainProcess] | Consumer: Starting Control
[2018-07-29 17:33:17,107: DEBUG/MainProcess] ^-- substep ok
[2018-07-29 17:33:17,107: DEBUG/MainProcess] | Consumer: Starting Heart
[2018-07-29 17:33:17,109: DEBUG/MainProcess] ^-- substep ok
[2018-07-29 17:33:17,109: DEBUG/MainProcess] | Consumer: Starting Gossip
[2018-07-29 17:33:17,112: DEBUG/MainProcess] ^-- substep ok
[2018-07-29 17:33:17,112: DEBUG/MainProcess] | Consumer: Starting event loop
[2018-07-29 17:33:17,112: DEBUG/MainProcess] | Worker: Hub.register Pool...
[2018-07-29 17:33:17,113: INFO/MainProcess] celery@atlantis.team1.irsec ready.
[2018-07-29 17:33:17,113: DEBUG/MainProcess] basic.qos: prefetch_count->8
[2018-07-29 17:40:00,118: INFO/MainProcess] Received task: app.jobs.ssh_job.check_ssh_team2[9d4106f1-f568-440b-8a22-99b2a3313c3f]  
[2018-07-29 17:40:00,120: DEBUG/MainProcess] TaskPool: Apply <function _fast_trace_task at 0x7fee56e002f0> (args:('app.jobs.ssh_job.check_ssh_team2', '9d4106f1-f568-440b-8a22-99b2a3313c3f', {'lang': 'py', 'task': 'app.jobs.ssh_job.check_ssh_team2', 'id': '9d4106f1-f568-440b-8a22-99b2a3313c3f', 'shadow': None, 'eta': None, 'expires': None, 'group': None, 'retries': 0, 'timelimit': [None, None], 'root_id': '9d4106f1-f568-440b-8a22-99b2a3313c3f', 'parent_id': None, 'argsrepr': '()', 'kwargsrepr': '{}', 'origin': 'gen27766@atlantis.team1.irsec', 'reply_to': '10fdce55-0bd9-37e4-805d-653e4386eb3e', 'correlation_id': '9d4106f1-f568-440b-8a22-99b2a3313c3f', 'delivery_info': {'exchange': '', 'routing_key': 'celery', 'priority': 0, 'redelivered': None}}, b'[[], {}, {"callbacks": null, "errbacks": null, "chain": null, "chord": null}]', 'application/json', 'utf-8') kwargs:{})
[2018-07-29 17:40:00,121: INFO/MainProcess] Received task: app.jobs.mail_job.check_imap_team1[44c418a9-f687-45e1-abcb-f0c15d7a23bb]  
[2018-07-29 17:40:00,122: DEBUG/MainProcess] TaskPool: Apply <function _fast_trace_task at 0x7fee56e002f0> (args:('app.jobs.mail_job.check_imap_team1', '44c418a9-f687-45e1-abcb-f0c15d7a23bb', {'lang': 'py', 'task': 'app.jobs.mail_job.check_imap_team1', 'id': '44c418a9-f687-45e1-abcb-f0c15d7a23bb', 'shadow': None, 'eta': None, 'expires': None, 'group': None, 'retries': 0, 'timelimit': [None, None], 'root_id': '44c418a9-f687-45e1-abcb-f0c15d7a23bb', 'parent_id': None, 'argsrepr': '()', 'kwargsrepr': '{}', 'origin': 'gen27766@atlantis.team1.irsec', 'reply_to': '10fdce55-0bd9-37e4-805d-653e4386eb3e', 'correlation_id': '44c418a9-f687-45e1-abcb-f0c15d7a23bb', 'delivery_info': {'exchange': '', 'routing_key': 'celery', 'priority': 0, 'redelivered': None}}, b'[[], {}, {"callbacks": null, "errbacks": null, "chain": null, "chord": null}]', 'application/json', 'utf-8') kwargs:{})
[2018-07-29 17:40:00,141: INFO/MainProcess] Received task: app.jobs.ping_job.check_ping_team2[fd665963-36c1-4b72-8f1c-5d5c8f5e6472]  
[2018-07-29 17:40:00,142: DEBUG/MainProcess] Task accepted: app.jobs.ssh_job.check_ssh_team2[9d4106f1-f568-440b-8a22-99b2a3313c3f] pid:27783
[2018-07-29 17:40:00,142: DEBUG/MainProcess] Task accepted: app.jobs.mail_job.check_imap_team1[44c418a9-f687-45e1-abcb-f0c15d7a23bb] pid:27782
[2018-07-29 17:40:00,146: INFO/MainProcess] Received task: app.jobs.dns_job.check_dns_team1[ce6a7666-bf86-4c52-9b05-8a423377d53f]  
[2018-07-29 17:40:00,149: INFO/MainProcess] Received task: app.jobs.ping_job.check_ping_team1[0a66dd20-9124-48a1-867f-75544d6dfe99]  
[2018-07-29 17:40:00,150: INFO/MainProcess] Received task: app.jobs.ssh_job.check_ssh_team1[3592b9bb-388d-466c-b31e-9d020950b4d9]  
[2018-07-29 17:40:00,157: INFO/MainProcess] Received task: app.jobs.mail_job.check_imap_team2[2b5564a5-2ad8-48ac-ac8b-251851762483]  
[2018-07-29 17:40:00,159: INFO/MainProcess] Received task: app.jobs.mail_job.check_smtp_team2[aef0cda9-cadf-4600-b2ae-79a8819c96eb]  
[2018-07-29 17:40:00,160: INFO/MainProcess] Received task: app.jobs.mail_job.check_smtp_team1[695f8d5f-fb09-4fb2-86a3-8f80f5bcc0fd]  
[2018-07-29 17:40:00,161: INFO/MainProcess] Received task: app.jobs.dns_job.check_dns_team2[c873c57c-08f0-4c18-abaa-e412d8894195]  
[2018-07-29 17:40:00,168: INFO/ForkPoolWorker-2] starting ssh check for team 2
[2018-07-29 17:40:00,168: ERROR/ForkPoolWorker-2] team 2 ssh failed with 'NoneType' object has no attribute 'password'
[2018-07-29 17:40:00,169: INFO/ForkPoolWorker-2] finished ssh check for team 2
[2018-07-29 17:40:00,173: INFO/ForkPoolWorker-1] starting imap check for team1
[2018-07-29 17:40:00,176: INFO/ForkPoolWorker-2] Task app.jobs.ssh_job.check_ssh_team2[9d4106f1-f568-440b-8a22-99b2a3313c3f] succeeded in 0.0534715009998763s: None
[2018-07-29 17:40:00,177: DEBUG/MainProcess] TaskPool: Apply <function _fast_trace_task at 0x7fee56e002f0> (args:('app.jobs.ping_job.check_ping_team2', 'fd665963-36c1-4b72-8f1c-5d5c8f5e6472', {'lang': 'py', 'task': 'app.jobs.ping_job.check_ping_team2', 'id': 'fd665963-36c1-4b72-8f1c-5d5c8f5e6472', 'shadow': None, 'eta': None, 'expires': None, 'group': None, 'retries': 0, 'timelimit': [None, None], 'root_id': 'fd665963-36c1-4b72-8f1c-5d5c8f5e6472', 'parent_id': None, 'argsrepr': '()', 'kwargsrepr': '{}', 'origin': 'gen27766@atlantis.team1.irsec', 'reply_to': '10fdce55-0bd9-37e4-805d-653e4386eb3e', 'correlation_id': 'fd665963-36c1-4b72-8f1c-5d5c8f5e6472', 'delivery_info': {'exchange': '', 'routing_key': 'celery', 'priority': 0, 'redelivered': None}}, b'[[], {}, {"callbacks": null, "errbacks": null, "chain": null, "chord": null}]', 'application/json', 'utf-8') kwargs:{})
[2018-07-29 17:40:00,178: INFO/ForkPoolWorker-2] checking ping for team 2
[2018-07-29 17:40:00,178: DEBUG/MainProcess] Task accepted: app.jobs.ping_job.check_ping_team2[fd665963-36c1-4b72-8f1c-5d5c8f5e6472] pid:27783
[2018-07-29 17:40:00,189: DEBUG/ForkPoolWorker-1] connection <imaplib.IMAP4 object at 0x7fee56ad00f0>
[2018-07-29 17:40:00,198: DEBUG/ForkPoolWorker-2] team 2 passed ping check
[2018-07-29 17:40:00,199: INFO/ForkPoolWorker-2] finished checking ping for team 2
[2018-07-29 17:40:00,207: INFO/ForkPoolWorker-2] Task app.jobs.ping_job.check_ping_team2[fd665963-36c1-4b72-8f1c-5d5c8f5e6472] succeeded in 0.02919821799878264s: None
